---
source: tui/src/history_cell.rs
expression: rendered
---
• Update Plan [░░░░░░░░░░] 0/2
  └ □ Define error taxonomy
    □ Implement mapping to user messages
