---
source: tui/src/diff_render.rs
assertion_line: 391
expression: terminal.backend()
---
"proposed patch to 1 file (+1 -1)                                                "
"  └ src/lib.rs → src/lib_new.rs                                                 "
"    1      line one                                                             "
"    2     -line two                                                             "
"    2     +line two changed                                                     "
"    3      line three                                                           "
"                                                                                "
"                                                                                "
"                                                                                "
"                                                                                "
"                                                                                "
"                                                                                "
