---
source: tui/src/bottom_pane/chat_composer.rs
expression: terminal.backend()
---
"▌ Ask Codex to do anything                                                                          "
"▌                                                                                                   "
"▌                                                                                                   "
"▌                                                                                                   "
"▌                                                                                                   "
"▌                                                                                                   "
"▌                                                                                                   "
"▌                                                                                                   "
"                                                                                                    "
" ⏎ send   ⌃J newline   ⌃V paste image   ⌃O shortcuts   ⌃C quit                                      "
