---
source: tui/src/bottom_pane/chat_composer.rs
expression: terminal.backend()
---
"▌[Pasted Content 1005 chars]                                                                        "
"▌                                                                                                   "
"▌                                                                                                   "
"▌                                                                                                   "
"▌                                                                                                   "
"▌                                                                                                   "
"▌                                                                                                   "
"▌                                                                                                   "
"                                                                                                    "
" ⏎ send   ⌃J newline   ⌃V paste image   ⌃O shortcuts   ⌃C quit                                      "
