---
source: tui/src/bottom_pane/chat_composer.rs
expression: terminal.backend()
---
"▌ Ask Codex to do anything                                                                                              "
"▌                                                                                                                       "
"▌                                                                                                                       "
"⌃J newline   ⌃T transcript   ⌃C quit   very-long-repository-name-with-many-segments:feature/super/long/branch/name      "
