---
source: tui/src/bottom_pane/chat_composer.rs
assertion_line: 1036
expression: terminal.backend()
---
"▌[Pasted Content 1002 chars][Pasted Content 1004 chars]                                             "
"▌                                                                                                   "
"▌                                                                                                   "
"▌                                                                                                   "
"▌                                                                                                   "
"▌                                                                                                   "
"▌                                                                                                   "
"▌                                                                                                   "
"▌                                                                                                   "
" ⏎ send   Ctrl+J newline   Ctrl+P optimize input   Ctrl+C quit                                      "
