---
source: tui/src/bottom_pane/footer.rs
assertion_line: 376
expression: terminal.backend()
---
"? for shortcuts                                                                 "
