---
source: tui/src/chatwidget/tests.rs
expression: combined
---
thinking
Pseudo-thought: placeholder analysis engaged.

> Here is the result.
